
> llantera@0.1.0 build
> next build

Ôû▓ Next.js 16.2.3 (Turbopack)
- Environments: .env

  Creating an optimized production build ...
node.exe : 
En línea: 1 Carácter: 1
+ & "C:\Program Files\nodejs/node.exe" 
"C:\Program Files\nodejs/node_mo ...
+ ~~~~~~~~~~~~~~~~~~~~~~~~~~~~~~~~~~~~~~~~~~
~~~~~~~~~~~~~~~~~~~~~~~~~~~
    + CategoryInfo          : NotSpecified: 
    (:String) [], RemoteException
    + FullyQualifiedErrorId : NativeCommand 
   Error
 
> Build error occurred
Error: Turbopack build failed with 2 errors:
./src/components/Footer.tsx:2:1
Export Facebook doesn't exist in target 
module
  [90m1 |[0m [36mimport[0m 
[33mReact[0m [36mfrom[0m 
[32m'react'[0m;
[31m[1m>[0m [90m2 |[0m [36mimport[0m 
{ [33mPhone[0m, [33mMapPin[0m, 
[33mMail[0m, [33mInstagram[0m, 
[33mFacebook[0m } [36mfrom[0m 
[32m'lucide-react'[0m;
  [90m  |[0m [31m[1m^^^^^^^^^^^^^^^^^^^^
^^^^^^^^^^^^^^^^^^^^^^^^^^^^^^^^^^^^^^^^^^^^
^^^^^^^^[0m
  [90m3 |[0m [36mimport[0m 
[33mImage[0m [36mfrom[0m 
[32m'next/image'[0m;
  [90m4 |[0m
  [90m5 |[0m [36mexport[0m 
[36mdefault[0m [36mfunction[0m 
[33mFooter[0m() {

The export Facebook was not found in module 
[project]/node_modules/lucide-react/dist/esm
/lucide-react.js [app-rsc] (ecmascript).
Did you mean to import Webhook?
All exports of the module are statically 
known (It doesn't have dynamic exports). So 
it's known statically that the requested 
export doesn't exist.

Import trace:
  Server Component:
    ./src/components/Footer.tsx
    ./src/app/layout.tsx


./src/components/Footer.tsx:2:1
Export Instagram doesn't exist in target 
module
  [90m1 |[0m [36mimport[0m 
[33mReact[0m [36mfrom[0m 
[32m'react'[0m;
[31m[1m>[0m [90m2 |[0m [36mimport[0m 
{ [33mPhone[0m, [33mMapPin[0m, 
[33mMail[0m, [33mInstagram[0m, 
[33mFacebook[0m } [36mfrom[0m 
[32m'lucide-react'[0m;
  [90m  |[0m [31m[1m^^^^^^^^^^^^^^^^^^^^
^^^^^^^^^^^^^^^^^^^^^^^^^^^^^^^^^^^^^^^^^^^^
^^^^^^^^[0m
  [90m3 |[0m [36mimport[0m 
[33mImage[0m [36mfrom[0m 
[32m'next/image'[0m;
  [90m4 |[0m
  [90m5 |[0m [36mexport[0m 
[36mdefault[0m [36mfunction[0m 
[33mFooter[0m() {

The export Instagram was not found in 
module [project]/node_modules/lucide-react/d
ist/esm/lucide-react.js [app-rsc] 
(ecmascript).
Did you mean to import Star?
All exports of the module are statically 
known (It doesn't have dynamic exports). So 
it's known statically that the requested 
export doesn't exist.

Import trace:
  Server Component:
    ./src/components/Footer.tsx
    ./src/app/layout.tsx


    at <unknown> 
(./src/components/Footer.tsx:2:1)
    at <unknown> 
(./src/components/Footer.tsx:2:1)
